[demo.bosathemes.com/builderon/template-kit/home/index.html]
[backblue.gif]
[fade.gif]
[index.html]
[demo.bosathemes.com/builderon/wp-includes/css/dist/block-library/style.mindfc9.css]
[demo.bosathemes.com/builderon/wp-content/plugins/woocommerce/packages/woocommerce-blocks/build/wc-blocks-vendors-style8c3f.css]
[demo.bosathemes.com/builderon/wp-content/plugins/woocommerce/packages/woocommerce-blocks/build/wc-blocks-style8c3f.css]
[demo.bosathemes.com/builderon/wp-content/plugins/template-kit-export/public/assets/css/template-kit-export-public.min365c.css]
[demo.bosathemes.com/builderon/wp-content/plugins/woocommerce/assets/css/woocommerce-layout6c2d.css]
[demo.bosathemes.com/builderon/wp-content/plugins/woocommerce/assets/css/woocommerce-smallscreen6c2d.css]
[demo.bosathemes.com/builderon/wp-content/plugins/woocommerce/assets/css/woocommerce6c2d.css]
[demo.bosathemes.com/builderon/wp-content/themes/hello-elementor/style.min0875.css]
[demo.bosathemes.com/builderon/wp-content/themes/hello-elementor/theme.min0875.css]
[demo.bosathemes.com/builderon/wp-content/plugins/elementor/assets/lib/eicons/css/elementor-icons.min91ce.css]
[demo.bosathemes.com/builderon/wp-content/plugins/elementor/assets/css/frontend.minf6c4.css]
[demo.bosathemes.com/builderon/wp-content/uploads/sites/4/elementor/css/post-44ab8.css]
[demo.bosathemes.com/builderon/wp-content/plugins/elementor-pro/assets/css/frontend.min5aed.css]
[demo.bosathemes.com/builderon/wp-content/uploads/sites/4/elementor/css/post-642378.css]
[demo.bosathemes.com/builderon/wp-content/uploads/sites/4/elementor/css/post-37ef12.css]
[demo.bosathemes.com/builderon/wp-content/uploads/sites/4/elementor/css/post-34ef12.css]
[demo.bosathemes.com/builderon/wp-content/plugins/elementor/assets/lib/font-awesome/css/fontawesome.min52d5.css]
[demo.bosathemes.com/builderon/wp-content/plugins/elementor/assets/lib/font-awesome/css/solid.min52d5.css]
[demo.bosathemes.com/builderon/wp-content/plugins/elementor/assets/lib/font-awesome/css/brands.min52d5.css]
[demo.bosathemes.com/builderon/wp-includes/js/jquery/jquery.minaf6c.js]
[demo.bosathemes.com/builderon/wp-includes/js/jquery/jquery-migrate.mind617.js]
[demo.bosathemes.com/builderon/wp-content/plugins/template-kit-export/public/assets/js/template-kit-export-public.min365c.js]
[demo.bosathemes.com/builderon/wp-content/uploads/sites/4/2021/06/cropped-builderon-fabicon-logo-32x32.png]
[demo.bosathemes.com/builderon/wp-content/uploads/sites/4/2021/06/cropped-builderon-fabicon-logo-192x192.png]
[demo.bosathemes.com/builderon/wp-content/uploads/sites/4/2021/06/cropped-builderon-fabicon-logo-180x180.png]
[demo.bosathemes.com/builderon/wp-content/uploads/sites/4/2021/06/builderon-logoimg2.png]
[demo.bosathemes.com/builderon/wp-content/uploads/sites/4/2021/06/builderon-img5.png]
[demo.bosathemes.com/builderon/wp-content/uploads/sites/4/2021/06/builderon-img6.png]
[demo.bosathemes.com/builderon/wp-content/uploads/sites/4/2021/06/builderon-img7.png]
[demo.bosathemes.com/builderon/wp-content/uploads/sites/4/2021/06/builderon-img8.png]
[demo.bosathemes.com/builderon/wp-content/uploads/sites/4/2021/06/builderon-img04.png]
[demo.bosathemes.com/builderon/wp-content/uploads/sites/4/2021/06/builderon-img01.png]
[demo.bosathemes.com/builderon/wp-content/uploads/sites/4/2021/06/builderon-img11.png]
[demo.bosathemes.com/builderon/wp-content/uploads/sites/4/2021/06/builderon-img12.png]
[demo.bosathemes.com/builderon/wp-content/uploads/sites/4/2021/06/builderon-img13.png]
[demo.bosathemes.com/builderon/wp-content/uploads/sites/4/2021/06/builderon-img14.png]
[demo.bosathemes.com/builderon/wp-content/uploads/sites/4/2021/06/builderon-img15.png]
[demo.bosathemes.com/builderon/wp-content/uploads/sites/4/2021/06/builderon-img17.jpg]
[demo.bosathemes.com/builderon/wp-content/uploads/sites/4/2021/06/builderon-img18.jpg]
[demo.bosathemes.com/builderon/wp-content/uploads/sites/4/2021/06/builderon-img27.jpg]
[demo.bosathemes.com/builderon/wp-content/uploads/sites/4/2021/06/builderon-img28.jpg]
[demo.bosathemes.com/builderon/wp-content/uploads/sites/4/2021/06/builderon-img29.jpg]
[demo.bosathemes.com/builderon/wp-content/uploads/sites/4/2021/06/builderon-img35.jpg]
[demo.bosathemes.com/builderon/wp-content/uploads/sites/4/2021/06/builderon-img30.jpg]
[demo.bosathemes.com/builderon/wp-content/uploads/sites/4/2021/06/builderon-img34.jpg]
[demo.bosathemes.com/builderon/wp-content/uploads/sites/4/2021/06/builderon-img38.png]
[demo.bosathemes.com/builderon/wp-content/uploads/sites/4/2021/06/builderon-img36.png]
[demo.bosathemes.com/builderon/wp-content/uploads/sites/4/2021/06/builderon-img37.png]
[demo.bosathemes.com/builderon/wp-content/uploads/sites/4/2021/06/builderon-img74-768x384.jpg]
[demo.bosathemes.com/builderon/wp-content/uploads/sites/4/2021/06/builderon-img73-768x384.jpg]
[demo.bosathemes.com/builderon/wp-content/uploads/sites/4/2021/06/builderon-img75-768x384.jpg]
[demo.bosathemes.com/cdn-cgi/scripts/5c5dd728/cloudflare-static/email-decode.min.js]
[demo.bosathemes.com/builderon/wp-content/plugins/elementor/assets/lib/e-gallery/css/e-gallery.min7359.css]
[demo.bosathemes.com/builderon/wp-content/plugins/woocommerce/assets/js/jquery-blockui/jquery.blockUI.min15df.js]
[demo.bosathemes.com/builderon/wp-content/plugins/woocommerce/assets/js/frontend/add-to-cart.min6c2d.js]
[demo.bosathemes.com/builderon/wp-content/plugins/woocommerce/assets/js/js-cookie/js.cookie.minf98d.js]
[demo.bosathemes.com/builderon/wp-content/plugins/woocommerce/assets/js/frontend/woocommerce.min6c2d.js]
[demo.bosathemes.com/builderon/wp-content/plugins/woocommerce/assets/js/frontend/cart-fragments.min6c2d.js]
[demo.bosathemes.com/builderon/wp-includes/js/wp-embed.mindfc9.js]
[demo.bosathemes.com/builderon/wp-content/plugins/elementor-pro/assets/lib/smartmenus/jquery.smartmenus.minf269.js]
[demo.bosathemes.com/builderon/wp-includes/js/imagesloaded.mineda1.js]
[demo.bosathemes.com/builderon/wp-content/plugins/elementor/assets/lib/e-gallery/js/e-gallery.min7359.js]
[demo.bosathemes.com/builderon/wp-content/plugins/elementor/assets/lib/jquery-numerator/jquery-numerator.min3958.js]
[demo.bosathemes.com/builderon/wp-content/plugins/elementor-pro/assets/js/webpack-pro.runtime.min5aed.js]
[demo.bosathemes.com/builderon/wp-content/plugins/elementor/assets/js/webpack.runtime.minf6c4.js]
[demo.bosathemes.com/builderon/wp-content/plugins/elementor/assets/js/frontend-modules.minf6c4.js]
[demo.bosathemes.com/builderon/wp-includes/js/dist/vendor/regenerator-runtime.minb36a.js]
[demo.bosathemes.com/builderon/wp-includes/js/dist/vendor/wp-polyfill.min2c7c.js]
[demo.bosathemes.com/builderon/wp-includes/js/dist/hooks.mine16b.js]
[demo.bosathemes.com/builderon/wp-includes/js/dist/i18n.min71a7.js]
[demo.bosathemes.com/builderon/wp-content/plugins/elementor-pro/assets/js/frontend.min5aed.js]
[demo.bosathemes.com/builderon/wp-content/plugins/elementor/assets/lib/waypoints/waypoints.min05da.js]
[demo.bosathemes.com/builderon/wp-includes/js/jquery/ui/core.min35d0.js]
[demo.bosathemes.com/builderon/wp-content/plugins/elementor/assets/js/frontend.minf6c4.js]
[demo.bosathemes.com/builderon/wp-content/plugins/elementor-pro/assets/js/elements-handlers.min5aed.js]
[demo.bosathemes.com/builderon/template-kit/home/index.html]
[demo.bosathemes.com/builderon/wp-includes/css/dist/block-library/style.mindfc9.css]
[demo.bosathemes.com/builderon/wp-content/plugins/woocommerce/packages/woocommerce-blocks/build/wc-blocks-vendors-style8c3f.css]
[demo.bosathemes.com/builderon/wp-content/plugins/woocommerce/packages/woocommerce-blocks/build/wc-blocks-style8c3f.css]
[demo.bosathemes.com/builderon/wp-content/plugins/template-kit-export/public/assets/css/template-kit-export-public.min365c.css]
[demo.bosathemes.com/builderon/wp-content/plugins/woocommerce/assets/css/woocommerce-layout6c2d.css]
[demo.bosathemes.com/builderon/wp-content/plugins/woocommerce/assets/css/woocommerce-smallscreen6c2d.css]
[demo.bosathemes.com/builderon/wp-content/plugins/woocommerce/assets/css/woocommerce6c2d.css]
[demo.bosathemes.com/builderon/wp-content/themes/hello-elementor/style.min0875.css]
[demo.bosathemes.com/builderon/wp-content/themes/hello-elementor/theme.min0875.css]
[demo.bosathemes.com/builderon/wp-content/plugins/elementor/assets/lib/eicons/css/elementor-icons.min91ce.css]
[demo.bosathemes.com/builderon/wp-content/plugins/elementor/assets/css/frontend.minf6c4.css]
[demo.bosathemes.com/builderon/wp-content/uploads/sites/4/elementor/css/post-44ab8.css]
[demo.bosathemes.com/builderon/wp-content/plugins/elementor-pro/assets/css/frontend.min5aed.css]
[demo.bosathemes.com/builderon/wp-content/uploads/sites/4/2021/06/builderon-img1.jpg]
[demo.bosathemes.com/builderon/wp-content/uploads/sites/4/2021/06/builderon-img39.jpg]
[demo.bosathemes.com/builderon/wp-content/uploads/sites/4/2021/06/builderon-img41.jpg]
[demo.bosathemes.com/builderon/wp-content/uploads/sites/4/2021/06/builderon-img21.png]
[demo.bosathemes.com/builderon/wp-content/uploads/sites/4/2021/06/builderon-img055.png]
[demo.bosathemes.com/builderon/wp-content/uploads/sites/4/2021/06/builderon-img20.png]
[demo.bosathemes.com/builderon/wp-content/uploads/sites/4/2021/06/builderon-img43.jpg]
[demo.bosathemes.com/builderon/wp-content/uploads/sites/4/2021/06/builderon-img44.jpg]
[demo.bosathemes.com/builderon/wp-content/uploads/sites/4/elementor/css/post-642378.css]
[demo.bosathemes.com/builderon/wp-content/uploads/sites/4/elementor/css/post-37ef12.css]
[demo.bosathemes.com/builderon/wp-content/uploads/sites/4/2021/06/builderon-img32.jpg]
[demo.bosathemes.com/builderon/wp-content/uploads/sites/4/elementor/css/post-34ef12.css]
[demo.bosathemes.com/builderon/wp-content/uploads/sites/4/2021/06/builderon-img31.png]
[demo.bosathemes.com/builderon/wp-content/plugins/elementor/assets/lib/font-awesome/css/fontawesome.min52d5.css]
[demo.bosathemes.com/builderon/wp-content/plugins/elementor/assets/lib/font-awesome/css/solid.min52d5.css]
[demo.bosathemes.com/builderon/wp-content/plugins/elementor/assets/lib/font-awesome/css/brands.min52d5.css]
[demo.bosathemes.com/builderon/wp-content/plugins/elementor/assets/lib/e-gallery/css/e-gallery.min7359.css]
